[INFO] 2026-04-29 00:59:59 - [框架依赖] 框架依赖检查通过，所有依赖已就绪。
============================================================
[INFO] 2026-04-29 01:05:16 - [框架依赖] 框架依赖检查通过，所有依赖已就绪。
============================================================
[INFO] 2026-04-29 01:06:03 - [框架依赖] 框架依赖检查通过，所有依赖已就绪。
============================================================
[INFO] 2026-04-29 01:08:28 - [框架依赖] 框架依赖检查通过，所有依赖已就绪。
============================================================
[INFO] 2026-04-29 01:15:18 - [框架依赖] 框架依赖检查通过，所有依赖已就绪。
============================================================
[INFO] 2026-04-29 01:17:01 - [框架依赖] 框架依赖检查通过，所有依赖已就绪。
============================================================
[INFO] 2026-04-29 01:18:19 - [框架依赖] 框架依赖检查通过，所有依赖已就绪。
============================================================
[INFO] 2026-04-29 01:19:47 - [框架依赖] 框架依赖检查通过，所有依赖已就绪。
============================================================
